// Jest Snapshot v1, https://goo.gl/fbAQLP

exports[`Button snapshot testing should Button match snapshot 1`] = `
<DocumentFragment>
  <button
    type="button"
  />
</DocumentFragment>
`;
